files/36.csv
id,week,center_id,meal_id,checkout_price,base_price,emailer_for_promotion,homepage_featured,num_orders
1463764,1,36,1311,140.68,205.64,0,0,216
1189847,2,36,1311,180.45,207.64,0,0,217
1052567,3,36,1311,153.32,205.64,0,0,258
1272330,4,36,1311,188.21,188.21,0,0,392
1309292,5,36,1311,192.09,191.09,0,0,271
1428038,6,36,1311,146.5,192.09,0,0,298
1353507,7,36,1311,166.84,192.09,0,0,285
1363618,8,36,1311,170.75,191.09,0,0,203
1083069,9,36,1311,128.04,193.09,0,0,136
1011024,10,36,1311,175.63,173.63,0,0,296
1165244,11,36,1311,141.68,174.63,0,0,216
1069206,12,36,1311,160.05,161.05,0,0,163
1031355,13,36,1311,98.97,162.05,0,0,176
1111808,14,36,1311,160.05,162.05,0,0,215
1170059,15,36,1311,162.05,161.05,0,0,269
1093345,16,36,1311,149.38,150.38,0,0,203
1463606,17,36,1311,161.05,162.05,0,0,242
1272333,18,36,1311,131.95,161.05,0,0,229
1054397,19,36,1311,161.05,162.05,0,0,297
1321198,20,36,1311,193.09,192.09,0,0,271
1136410,21,36,1311,166.87,192.09,0,0,366
1220070,22,36,1311,152.29,191.09,0,0,311
1282023,23,36,1311,223.16,222.16,0,0,175
1023477,24,36,1311,155.26,221.16,0,0,338
1349185,25,36,1311,138.77,222.16,0,0,190
1245958,26,36,1311,174.63,221.16,0,0,296
1318367,27,36,1311,169.81,223.16,0,0,256
1197750,28,36,1311,169.81,221.16,0,0,258
1370682,29,36,1311,186.24,221.16,0,0,162
1363709,30,36,1311,233.83,233.83,0,0,150
1421132,31,36,1311,184.3,231.83,0,0,257
1375400,32,36,1311,186.24,232.83,0,0,162
1280635,33,36,1311,173.66,232.83,0,0,325
1069396,34,36,1311,167.84,231.83,0,0,310
1314996,35,36,1311,120.31,231.83,0,0,324
1186598,36,36,1311,153.26,232.83,0,0,337
1024642,37,36,1311,166.84,167.84,0,0,283
1197805,38,36,1311,166.87,167.87,0,0,258
1290112,39,36,1311,106.7,167.87,0,0,162
1320762,40,36,1311,150.35,150.35,0,0,231
1013048,41,36,1311,186.3,185.3,0,0,351
1406713,42,36,1311,173.69,173.69,0,0,175
1021504,43,36,1311,142.62,172.69,0,0,364
1076468,44,36,1311,225.04,225.04,0,0,230
1277920,45,36,1311,161.05,227.04,0,0,190
1391057,46,36,1311,155.26,227.04,0,0,339
1265357,47,36,1311,152.29,227.04,0,0,312
1165114,48,36,1311,187.27,226.04,0,0,420
1351019,49,36,1311,169.78,226.04,0,0,486
1435001,50,36,1311,130.95,227.04,0,0,297
1333884,51,36,1311,161.05,160.05,0,0,352
1023482,52,36,1311,130.95,162.05,0,0,271
1376091,53,36,1311,202.73,202.73,0,0,297
1421753,54,36,1311,172.69,202.73,0,0,175
1152247,55,36,1311,140.68,204.73,0,0,216
1080583,56,36,1311,201.82,201.82,0,0,215
1145414,57,36,1311,144.56,201.82,0,0,270
1395936,58,36,1311,225.1,224.1,0,0,135
1431796,59,36,1311,145.56,223.1,0,0,270
1201826,60,36,1311,167.84,225.1,0,0,285
1416407,61,36,1311,150.35,225.1,0,0,231
1102641,62,36,1311,130.04,225.1,0,0,135
1045649,63,36,1311,162.05,223.1,0,0,161
1441113,64,36,1311,172.66,224.1,0,0,296
1417413,65,36,1311,193.09,193.09,0,0,135
1486735,66,36,1311,162.05,193.09,0,0,162
1372743,67,36,1311,183.36,183.36,0,0,188
1428869,68,36,1311,188.18,190.18,0,0,231
1430169,69,36,1311,137.77,190.18,0,0,95
1146931,70,36,1311,124.16,190.18,0,0,244
1410488,71,36,1311,173.66,172.66,0,0,323
1455485,72,36,1311,143.56,172.66,0,0,270
1413633,73,36,1311,191.09,192.09,0,0,339
1346254,74,36,1311,153.29,191.09,0,0,285
1164403,75,36,1311,171.72,191.09,0,0,379
1269782,76,36,1311,160.05,192.09,0,0,243
1175624,77,36,1311,209.58,207.58,0,0,270
1042302,78,36,1311,153.26,208.58,0,0,338
1389488,79,36,1311,152.29,207.58,0,0,311
1321630,80,36,1311,167.87,208.58,0,0,338
1219844,81,36,1311,182.42,208.58,0,0,312
1380123,82,36,1311,141.65,208.58,0,0,339
1277969,83,36,1311,197.88,199.88,0,0,284
1241794,84,36,1311,196.97,194.97,0,0,242
1381985,85,36,1311,181.42,181.42,0,0,188
1056084,86,36,1311,146.5,181.42,0,0,298
1405126,87,36,1311,136.77,180.42,0,0,284
1172556,88,36,1311,175.63,175.63,0,0,298
1012631,89,36,1311,166.84,167.84,0,0,311
1396537,90,36,1311,165.87,165.87,0,0,339
1180500,91,36,1311,162.05,160.05,0,0,298
1002803,92,36,1311,153.29,154.29,0,0,310
1020337,93,36,1311,161.05,161.05,0,0,217
1058637,94,36,1311,172.72,171.72,0,0,377
1007140,95,36,1311,186.3,184.3,0,0,352
1120785,96,36,1311,139.68,184.3,0,0,215
1285238,97,36,1311,181.45,180.45,0,0,431
1052763,98,36,1311,167.84,168.84,0,0,312
1001213,99,36,1311,128.04,168.84,0,0,339
1194043,100,36,1311,172.66,173.66,0,0,324
1255249,101,36,1311,163.96,162.96,0,0,581
1337866,102,36,1311,156.2,157.2,0,0,499
1279511,103,36,1311,175.57,175.57,0,0,270
1050772,104,36,1311,183.36,184.36,0,0,190
1037172,105,36,1311,150.38,184.36,0,0,432
1442221,106,36,1311,167.87,165.87,0,0,338
1105127,107,36,1311,161.05,160.05,0,0,377
1366172,108,36,1311,181.45,180.45,0,0,215
1109707,109,36,1311,203.73,204.73,0,0,297
1203685,110,36,1311,160.05,203.73,0,0,217
1127391,111,36,1311,170.75,202.73,0,0,80
1052073,112,36,1311,177.57,204.73,0,0,121
1409726,113,36,1311,116.46,202.73,0,0,190
1335832,114,36,1311,124.19,203.73,0,0,350
1129298,115,36,1311,161.05,203.73,0,0,269
1178417,116,36,1311,161.05,162.05,0,0,162
1404398,117,36,1311,148.47,147.47,0,0,325
1314183,118,36,1311,170.75,171.75,0,0,323
1002110,119,36,1311,155.23,156.23,0,0,298
1068588,120,36,1311,160.11,159.11,0,0,202
1262696,121,36,1311,179.51,177.51,0,0,283
1292187,122,36,1311,157.17,178.51,0,0,350
1334779,123,36,1311,160.08,178.51,0,0,230
1473200,124,36,1311,203.73,203.73,0,0,269
1095964,125,36,1311,136.8,202.73,0,0,204
1497291,126,36,1311,174.6,202.73,0,0,447
1277057,127,36,1311,169.75,203.73,0,0,215
1162691,128,36,1311,156.23,203.73,0,0,148
1154183,129,36,1311,170.75,204.73,0,0,271
1387231,130,36,1311,136.8,203.73,0,0,204
1066163,131,36,1311,220.22,219.22,0,0,231
1177011,132,36,1311,157.14,221.22,0,0,378
1419575,133,36,1311,190.12,220.22,0,0,217
1099710,134,36,1311,204.73,204.73,0,0,338
1072660,135,36,1311,170.75,202.73,0,0,161
1408760,136,36,1311,184.3,186.3,0,0,150
1315001,137,36,1311,186.27,186.27,0,0,420
1399835,138,36,1311,171.75,171.75,0,0,297
1251063,139,36,1311,204.73,204.73,0,0,271
1310773,140,36,1311,195.97,194.97,0,0,352
1452407,141,36,1311,169.75,196.97,0,0,324
1429321,142,36,1311,136.8,195.97,0,0,203
1232353,143,36,1311,145.5,194.97,0,0,190
1417184,144,36,1311,194.97,196.97,0,0,352
1218033,145,36,1311,163.02,194.97,0,0,285
1326970,1,36,1803,184.36,183.36,0,0,189
1133239,2,36,1803,188.18,190.18,0,0,229
1168319,3,36,1803,132.89,189.18,0,0,163
1456017,4,36,1803,146.53,189.18,0,0,420
1131772,5,36,1803,168.78,189.18,0,0,230
1427115,6,36,1803,190.18,190.18,0,0,298
1022065,7,36,1803,182.36,184.36,0,0,284
1042889,8,36,1803,213.43,214.43,0,0,202
1394987,9,36,1803,177.51,213.43,0,0,121
1174407,10,36,1803,162.05,213.43,0,0,244
1473443,11,36,1803,142.62,212.43,0,0,243
1029457,12,36,1803,188.24,213.43,0,0,162
1425751,13,36,1803,235.77,233.77,0,0,204
1254431,14,36,1803,185.3,234.77,0,0,257
1309129,15,36,1803,188.24,235.77,0,0,324
1067109,16,36,1803,161.05,233.77,0,0,297
1430166,17,36,1803,173.63,234.77,0,0,298
1123425,18,36,1803,179.45,235.77,0,0,217
1334206,19,36,1803,191.09,234.77,0,0,271
1217936,20,36,1803,146.5,147.5,0,0,297
1253838,21,36,1803,186.3,184.3,0,0,323
1347595,22,36,1803,182.36,183.36,0,0,285
1390874,23,36,1803,106.7,184.36,0,0,242
1495523,24,36,1803,172.69,171.69,0,0,352
1078225,25,36,1803,207.58,207.58,0,0,257
1382054,26,36,1803,153.29,208.58,0,0,310
1290318,27,36,1803,191.09,192.09,0,0,310
1294347,28,36,1803,177.51,178.51,0,0,243
1494613,29,36,1803,138.77,178.51,0,0,283
1038655,30,36,1803,132.95,178.51,0,0,229
1163079,31,36,1803,175.57,175.57,0,0,270
1263260,32,36,1803,195.94,196.94,0,0,351
1442967,33,36,1803,161.05,195.94,0,0,379
1396276,34,36,1803,192.09,191.09,0,0,337
1359821,35,36,1803,190.12,191.12,0,0,271
1167725,36,36,1803,170.75,190.12,0,0,433
1117648,37,36,1803,126.16,192.12,0,0,244
1102514,38,36,1803,179.51,177.51,0,0,243
1256296,39,36,1803,174.63,173.63,0,0,298
1393541,40,36,1803,186.3,185.3,0,0,258
1232321,41,36,1803,166.9,186.3,0,0,420
1167643,42,36,1803,160.05,185.3,0,0,298
1204641,43,36,1803,195,196,0,0,311
1181526,44,36,1803,152.29,194,0,0,311
1015841,45,36,1803,160.05,194,0,0,270
1161214,46,36,1803,176.54,177.54,0,0,393
1385720,47,36,1803,142.62,178.54,0,0,244
1395984,48,36,1803,182.42,180.42,0,0,406
1079319,49,36,1803,173.63,175.63,0,0,297
1048826,50,36,1803,196.97,195.97,0,0,486
1484587,51,36,1803,174.63,196.97,0,0,298
1326681,52,36,1803,184.3,185.3,0,0,351
1340099,53,36,1803,160.05,185.3,0,0,190
1229941,54,36,1803,160.05,186.3,0,0,54
1133403,55,36,1803,193.09,193.09,0,0,190
1066496,56,36,1803,151.38,192.09,0,0,189
1163029,57,36,1803,196,196,0,0,312
1447495,58,36,1803,151.38,195,0,0,202
1411369,59,36,1803,143.62,195,0,0,243
1133863,60,36,1803,160.05,194,0,0,377
1065359,61,36,1803,160.05,195,0,0,325
1421314,62,36,1803,178.51,178.51,0,0,121
1141727,63,36,1803,176.54,178.54,0,0,393
1098619,64,36,1803,161.05,162.05,0,0,269
1083318,65,36,1803,195.94,196.94,0,0,175
1404745,66,36,1803,188.18,189.18,0,0,231
1110586,67,36,1803,132.89,190.18,0,0,162
1012013,68,36,1803,186.24,187.24,0,0,163
1112967,69,36,1803,160.05,187.24,0,0,244
1365905,70,36,1803,184.36,183.36,0,0,190
1272239,71,36,1803,183.36,183.36,0,0,377
1455739,72,36,1803,191.09,191.09,0,0,202
1264220,73,36,1803,153.29,191.09,0,0,283
1476977,74,36,1803,165.87,191.09,0,0,337
1296589,75,36,1803,185.3,185.3,0,0,351
1203550,76,36,1803,188.24,188.24,0,0,324
1383197,77,36,1803,136.8,187.24,0,0,446
1166669,78,36,1803,126.16,187.24,0,0,379
1212474,79,36,1803,180.45,179.45,0,0,215
1040296,80,36,1803,147.5,180.45,0,0,473
1343804,81,36,1803,162.05,181.45,0,0,243
1391821,82,36,1803,191.15,189.15,0,0,366
1003123,83,36,1803,145.56,189.15,0,0,269
1495495,84,36,1803,148.44,189.15,0,0,352
1287604,85,36,1803,121.31,190.15,0,0,323
1381672,86,36,1803,233.77,233.77,0,0,203
1383744,87,36,1803,199.88,233.77,0,0,285
1207645,88,36,1803,132.89,235.77,0,0,324
1187078,89,36,1803,148.41,233.77,0,0,379
1225142,90,36,1803,194.97,233.77,0,0,243
1249038,91,36,1803,183.36,234.77,0,0,474
1108304,92,36,1803,173.69,234.77,0,0,350
1307336,93,36,1803,163.93,163.93,0,0,473
1413270,94,36,1803,149.44,164.93,0,0,351
1445916,95,36,1803,135.86,165.93,0,0,420
1146561,96,36,1803,187.24,186.24,0,0,324
1259635,97,36,1803,135.8,188.24,0,0,447
1105751,98,36,1803,147.5,186.24,0,0,297
1335157,99,36,1803,195.94,196.94,0,0,351
1017148,100,36,1803,164.93,197.94,0,0,526
1461659,101,36,1803,164.9,195.94,0,0,392
1027700,102,36,1803,151.38,197.94,0,0,404
1177977,103,36,1803,154.23,197.94,0,0,393
1415907,104,36,1803,188.24,186.24,0,0,324
1345263,105,36,1803,172.66,174.66,0,0,499
1257300,106,36,1803,161.05,162.05,0,0,298
1326242,107,36,1803,162.05,160.05,0,0,244
1044815,108,36,1803,162.05,162.05,0,0,162
1421917,109,36,1803,140.68,161.05,0,0,216
1122406,110,36,1803,141.62,160.05,0,0,242
1013488,111,36,1803,167.84,168.84,0,0,176
1422069,112,36,1803,155.26,153.26,0,0,95
1223828,113,36,1803,173.66,172.66,0,0,323
1105080,114,36,1803,203.73,202.73,0,0,148
1139696,115,36,1803,138.77,203.73,0,0,284
1098904,116,36,1803,161.05,202.73,0,0,242
1173730,117,36,1803,99.97,203.73,0,0,176
1417515,118,36,1803,141.68,202.73,0,0,231
1096009,119,36,1803,228.01,228.01,0,0,203
1212673,120,36,1803,238.68,237.68,0,0,134
1474329,121,36,1803,169.75,236.68,0,0,512
1107706,122,36,1803,179.45,236.68,0,0,229
1215027,123,36,1803,171.75,238.68,0,0,216
1494996,124,36,1803,139.68,237.68,0,0,230
1048424,125,36,1803,217.28,219.28,0,0,190
1476785,126,36,1803,163.99,217.28,0,0,310
1051352,127,36,1803,169.75,217.28,0,0,244
1247908,128,36,1803,190.12,217.28,0,0,217
1483062,129,36,1803,144.59,217.28,0,0,257
1179484,130,36,1803,146.5,219.28,0,0,190
1456459,131,36,1803,184.36,219.28,0,0,351
1446871,132,36,1803,219.22,220.22,0,0,229
1242609,133,36,1803,192.09,221.22,0,0,312
1358199,134,36,1803,150.35,219.22,0,0,244
1209462,135,36,1803,159.08,221.22,0,0,229
1310470,136,36,1803,191.12,220.22,0,0,216
1207656,137,36,1803,170.75,219.22,0,0,433
1030668,138,36,1803,204.73,202.73,0,0,474
1114833,139,36,1803,135.8,203.73,0,0,204
1352543,140,36,1803,162.99,202.73,0,0,312
1305813,141,36,1803,185.33,184.33,0,0,323
1296690,142,36,1803,191.09,193.09,0,0,311
1320708,143,36,1803,169.75,192.09,0,0,136
1268096,144,36,1803,181.45,181.45,0,0,231
1151168,145,36,1803,217.31,216.31,0,0,338
1077619,1,36,1438,242.5,271.63,0,0,13
1064252,2,36,1438,244.5,270.63,0,0,42
1451685,3,36,1438,243.5,271.63,0,0,69
1328935,4,36,1438,242.5,272.63,0,0,81
1479039,5,36,1438,243.5,272.63,0,0,13
1176558,6,36,1438,244.5,272.63,0,0,27
1084865,7,36,1438,244.5,242.5,0,0,53
1321700,8,36,1438,242.5,244.5,0,0,55
1154897,9,36,1438,271.63,271.63,0,0,28
1346506,10,36,1438,272.63,271.63,0,0,14
1238779,11,36,1438,270.63,272.63,0,0,40
1028764,13,36,1438,242.5,272.63,0,0,54
1245746,14,36,1438,243.5,272.63,0,0,41
1352310,15,36,1438,242.5,271.63,0,0,26
1366868,16,36,1438,243.5,270.63,0,0,81
1216527,17,36,1438,244.5,270.63,0,0,40
1217944,18,36,1438,243.5,271.63,0,0,28
1375364,19,36,1438,243.5,243.5,0,0,41
1178649,20,36,1438,234.8,234.8,0,0,68
1156567,21,36,1438,243.5,243.5,0,0,40
1471885,22,36,1438,244.5,242.5,0,1,107
1324978,23,36,1438,244.5,242.5,0,1,94
1153175,24,36,1438,243.5,244.5,0,1,28
1422068,25,36,1438,243.5,244.5,0,0,42
1102433,26,36,1438,241.56,243.5,0,1,177
1029984,27,36,1438,246.44,242.5,0,1,190
1059913,28,36,1438,244.5,242.5,0,1,94
1041292,29,36,1438,194,243.5,0,0,161
1376996,30,36,1438,196,244.5,0,1,163
1054928,31,36,1438,199.88,242.5,0,1,244
1392318,32,36,1438,196,242.5,0,1,175
1397113,33,36,1438,256.08,243.5,0,1,122
1091073,34,36,1438,256.08,244.5,0,1,161
1318861,35,36,1438,256.08,243.5,0,1,55
1243953,36,36,1438,257.08,242.5,0,1,80
1364651,37,36,1438,202.79,242.5,0,1,150
1230381,38,36,1438,195,242.5,0,1,121
1277697,39,36,1438,195,242.5,0,1,67
1111827,40,36,1438,196,242.5,0,1,149
1433678,41,36,1438,219.28,242.5,0,1,82
1126103,42,36,1438,217.28,242.5,0,1,55
1187126,43,36,1438,217.28,244.5,0,1,80
1049436,44,36,1438,218.28,244.5,0,1,135
1348463,45,36,1438,232.8,242.5,0,1,53
1066095,46,36,1438,234.8,242.5,0,1,82
1346161,47,36,1438,239.59,244.5,0,1,82
1201348,48,36,1438,234.8,244.5,0,1,82
1012193,49,36,1438,240.56,243.5,0,1,163
1366028,50,36,1438,242.56,240.56,0,0,202
1083177,51,36,1438,241.56,242.56,0,1,67
1484839,52,36,1438,242.56,242.56,0,1,94
1183207,53,36,1438,241.56,242.56,0,1,95
1329330,54,36,1438,242.56,240.56,0,1,94
1455737,55,36,1438,240.56,242.56,0,1,27
1445289,56,36,1438,240.56,240.56,0,1,123
1371878,57,36,1438,242.53,241.56,0,1,53
1334215,58,36,1438,243.53,240.56,0,1,94
1444368,59,36,1438,241.53,241.56,0,1,41
1022840,60,36,1438,243.53,241.56,0,1,163
1146570,61,36,1438,241.53,241.56,0,1,53
1241767,62,36,1438,242.53,241.56,0,1,80
1012594,63,36,1438,241.53,240.56,0,1,41
1488757,64,36,1438,233.77,241.56,0,1,40
1050271,65,36,1438,243.53,242.53,0,0,67
1349803,66,36,1438,242.53,242.53,0,0,53
1068953,67,36,1438,242.53,243.53,0,0,53
1053388,68,36,1438,241.53,242.53,0,0,54
1107901,69,36,1438,232.83,241.53,0,1,40
1103359,70,36,1438,232.83,232.83,0,0,14
1022485,71,36,1438,232.83,232.83,0,0,41
1363988,72,36,1438,231.83,232.83,0,0,54
1051389,73,36,1438,233.83,232.83,0,0,80
1437156,74,36,1438,231.83,233.83,0,0,13
1212824,75,36,1438,233.83,232.83,0,0,55
1395607,76,36,1438,231.83,232.83,0,0,42
1347428,77,36,1438,233.83,232.83,0,0,55
1078955,78,36,1438,231.83,232.83,0,0,41
1464075,79,36,1438,232.83,232.83,0,0,81
1496124,80,36,1438,231.83,232.83,0,0,27
1244851,81,36,1438,214.43,212.43,0,0,108
1470805,82,36,1438,214.43,213.43,0,0,27
1423740,83,36,1438,212.43,213.43,0,0,40
1203655,84,36,1438,213.43,213.43,0,0,53
1431551,85,36,1438,212.43,212.43,0,0,80
1199815,86,36,1438,212.43,212.43,0,0,14
1182753,87,36,1438,214.43,212.43,0,0,13
1321515,88,36,1438,213.43,213.43,0,0,13
1304869,89,36,1438,213.43,214.43,0,0,41
1443618,90,36,1438,214.43,214.43,0,0,53
1125193,91,36,1438,212.43,214.43,0,0,41
1118123,92,36,1438,214.43,213.43,0,0,15
1083513,93,36,1438,195,196,0,0,67
1484149,94,36,1438,195,196,0,0,81
1056442,95,36,1438,194,196,0,0,94
1084588,96,36,1438,194,194,0,0,55
1192924,97,36,1438,195,195,0,0,27
1053268,98,36,1438,195,195,0,0,42
1364130,99,36,1438,194,196,0,0,40
1365531,100,36,1438,196,196,0,0,80
1442161,101,36,1438,195,196,0,0,96
1063352,102,36,1438,196,194,0,0,107
1177584,103,36,1438,196,194,0,0,67
1225283,104,36,1438,194,195,0,0,41
1494286,105,36,1438,242.5,243.5,0,0,68
1144095,106,36,1438,243.5,243.5,0,0,55
1167950,107,36,1438,244.5,244.5,0,0,68
1146377,108,36,1438,242.5,244.5,0,0,41
1064964,109,36,1438,244.5,244.5,0,0,26
1097275,110,36,1438,244.5,242.5,0,1,40
1413548,111,36,1438,242.5,243.5,0,1,26
1011355,112,36,1438,244.5,244.5,0,1,28
1119908,113,36,1438,243.5,244.5,0,1,53
1043937,114,36,1438,244.5,244.5,0,1,108
1350342,115,36,1438,242.5,242.5,0,1,94
1406508,116,36,1438,242.5,242.5,0,1,123
1022451,117,36,1438,194,243.5,0,0,94
1045337,118,36,1438,195,243.5,0,1,150
1324971,119,36,1438,196,242.5,0,1,123
1458754,120,36,1438,194,243.5,0,1,203
1146070,121,36,1438,194,243.5,0,1,188
1107707,122,36,1438,196,243.5,0,0,161
1363500,123,36,1438,195,243.5,0,0,136
1075896,124,36,1438,196,242.5,0,0,108
1343819,125,36,1438,196,243.5,0,0,189
1234056,126,36,1438,195,243.5,0,1,95
1112294,127,36,1438,194,243.5,0,1,123
1395884,128,36,1438,195,243.5,0,0,175
1018195,129,36,1438,195,244.5,0,1,107
1109879,130,36,1438,194,243.5,0,1,94
1367822,131,36,1438,195,194,0,0,148
1384762,132,36,1438,194,196,0,0,175
1325843,133,36,1438,196,194,0,0,136
1137797,134,36,1438,195,196,0,0,243
1221165,135,36,1438,196,196,0,0,95
1376400,136,36,1438,194,194,0,1,176
1155513,137,36,1438,195,195,0,0,148
1396602,138,36,1438,195,196,0,1,108
1441972,139,36,1438,194,195,0,0,108
1444342,140,36,1438,195,194,0,1,190
1483434,141,36,1438,196,196,0,0,122
1058426,142,36,1438,196,194,0,0,122
1492439,143,36,1438,196,196,0,0,134
1053918,144,36,1438,194,194,0,0,177
1277947,145,36,1438,196,194,0,0,123
