files/36.csv
id,week,center_id,meal_id,checkout_price,base_price,emailer_for_promotion,homepage_featured,num_orders
1233458,1,36,2581,582.03,611.13,1,0,149
1437872,2,36,2581,582.03,611.13,1,0,162
1368320,3,36,2581,611.13,611.13,0,0,136
1283596,4,36,2581,620.86,619.86,0,0,175
1405379,5,36,2581,610.13,611.13,0,0,150
1043248,6,36,2581,610.13,610.13,0,0,82
1295837,7,36,2581,612.13,610.13,0,0,107
1004516,8,36,2581,612.13,612.13,0,0,15
1300398,9,36,2581,583.03,581.03,0,0,82
1377383,10,36,2581,583.03,582.03,0,0,163
1176724,11,36,2581,583.03,583.03,0,1,229
1300679,12,36,2581,534.53,581.03,1,1,393
1062939,13,36,2581,523.83,581.03,1,1,283
1001289,14,36,2581,622.8,622.8,0,0,149
1056853,15,36,2581,610.13,611.13,0,0,148
1183344,16,36,2581,630.53,630.53,0,0,82
1003055,17,36,2581,611.13,611.13,0,0,161
1050414,18,36,2581,625.68,625.68,0,0,107
1331271,19,36,2581,618.92,624.68,0,1,230
1344317,20,36,2581,514.13,625.68,1,0,311
1056391,21,36,2581,514.13,625.68,1,1,270
1418232,22,36,2581,610.13,610.13,0,0,81
1317607,23,36,2581,612.13,610.13,0,0,175
1493783,24,36,2581,623.77,621.77,0,0,136
1180311,25,36,2581,612.13,611.13,0,0,121
1173193,26,36,2581,492.79,610.13,1,1,420
1038654,27,36,2581,486.03,612.13,1,1,338
1460572,28,36,2581,728.53,728.53,0,0,94
1129432,29,36,2581,726.53,728.53,0,0,149
1100685,30,36,2581,727.53,726.53,0,0,95
1461804,31,36,2581,726.53,727.53,0,0,81
1210154,32,36,2581,667.39,666.39,0,0,55
1210504,33,36,2581,726.53,726.53,0,0,26
1105239,34,36,2581,727.53,726.53,0,0,42
1256892,35,36,2581,678.03,680.03,0,0,67
1353767,36,36,2581,680.03,680.03,0,0,68
1435588,37,36,2581,435.59,678.03,1,1,676
1041094,38,36,2581,434.59,680.03,1,1,798
1165224,39,36,2581,446.2,680.03,0,1,540
1468363,40,36,2581,452.99,678.03,0,0,338
1287684,41,36,2581,679.03,678.03,0,0,80
1422781,42,36,2581,678.03,678.03,0,0,28
1324488,43,36,2581,680.03,678.03,0,0,80
1430440,44,36,2581,680.03,680.03,0,0,176
1031493,45,36,2581,484.03,679.03,1,1,379
1450491,46,36,2581,484.03,678.03,0,1,392
1374906,47,36,2581,463.69,679.03,0,1,258
1160200,48,36,2581,678.03,679.03,0,0,96
1473593,49,36,2581,679.03,680.03,0,0,122
1498339,50,36,2581,678.03,680.03,0,0,94
1193281,51,36,2581,678.03,679.03,0,0,67
1162858,52,36,2581,679.03,679.03,0,0,123
1016512,53,36,2581,680.03,680.03,0,0,121
1343210,54,36,2581,680.03,678.03,0,0,150
1295591,55,36,2581,486.03,678.03,1,0,419
1152019,56,36,2581,679.03,680.03,0,0,203
1381162,57,36,2581,679.03,680.03,0,0,231
1409015,58,36,2581,680.03,678.03,0,0,94
1229709,59,36,2581,672.24,671.24,0,0,136
1385523,60,36,2581,680.03,678.03,0,0,94
1219549,61,36,2581,435.59,678.03,1,1,433
1068004,62,36,2581,433.59,679.03,1,1,161
1138315,63,36,2581,434.59,679.03,1,1,566
1276191,64,36,2581,435.59,680.03,1,1,418
1477792,65,36,2581,679.03,680.03,0,0,108
1444425,66,36,2581,678.03,680.03,0,0,81
1245104,67,36,2581,679.03,680.03,0,0,96
1361377,68,36,2581,680.03,678.03,0,0,136
1279380,69,36,2581,679.03,680.03,0,0,69
1072305,70,36,2581,680.03,679.03,0,0,80
1297037,71,36,2581,680.03,679.03,0,0,67
1114192,72,36,2581,680.03,678.03,0,0,13
1128949,73,36,2581,679.03,680.03,0,0,27
1070728,74,36,2581,678.03,680.03,0,0,82
1197006,75,36,2581,493.79,678.03,1,0,350
1379539,76,36,2581,484.03,680.03,1,0,269
1432078,77,36,2581,678.03,680.03,0,0,53
1034552,78,36,2581,678.03,680.03,0,0,15
1056518,79,36,2581,463.69,678.03,1,1,284
1195119,80,36,2581,679.03,680.03,0,0,150
1006535,81,36,2581,679.03,679.03,0,0,42
1341350,82,36,2581,678.03,680.03,0,0,28
1240017,83,36,2581,680.03,678.03,0,0,135
1198908,84,36,2581,484.03,680.03,1,1,406
1092969,85,36,2581,484.03,679.03,1,1,270
1294714,86,36,2581,485.03,679.03,0,1,446
1459606,87,36,2581,486.03,678.03,0,1,323
1280196,88,36,2581,485.03,678.03,0,0,150
1079525,89,36,2581,463.69,679.03,1,1,406
1036555,90,36,2581,483.12,679.03,0,0,230
1260533,91,36,2581,486.03,679.03,0,0,229
1390711,92,36,2581,435.53,678.03,1,1,501
1022236,93,36,2581,437.53,680.03,1,1,445
1355318,94,36,2581,678.03,679.03,0,0,82
1413322,95,36,2581,678.03,680.03,0,0,28
1447526,96,36,2581,679.03,678.03,0,0,95
1365955,97,36,2581,680.03,678.03,0,0,108
1059246,98,36,2581,533.5,678.03,1,0,150
1458976,99,36,2581,544.17,680.03,1,0,188
1166311,100,36,2581,679.03,679.03,0,0,163
1270495,101,36,2581,680.03,679.03,0,0,96
1341501,102,36,2581,680.03,680.03,0,0,108
1150127,103,36,2581,680.03,679.03,0,0,94
1411983,104,36,2581,678.03,680.03,0,0,136
1273731,105,36,2581,678.03,680.03,0,0,28
1018164,106,36,2581,678.03,679.03,0,0,136
1184441,107,36,2581,680.03,678.03,0,0,42
1478382,108,36,2581,485.03,679.03,0,1,512
1159877,109,36,2581,484.03,680.03,1,1,688
1275059,110,36,2581,679.03,680.03,0,0,109
1469918,111,36,2581,698.43,699.43,0,0,68
1417095,112,36,2581,698.43,697.43,0,1,121
1039042,113,36,2581,463.69,699.43,1,1,528
1095599,114,36,2581,463.69,697.43,1,1,499
1034460,115,36,2581,474.39,697.43,1,1,324
1151788,116,36,2581,464.69,699.43,1,1,393
1378684,117,36,2581,697.43,699.43,0,0,68
1394798,118,36,2581,699.43,698.43,0,0,108
1483132,119,36,2581,697.43,697.43,0,0,96
1220370,120,36,2581,697.43,699.43,0,0,108
1152956,121,36,2581,486,699.43,1,1,338
1344354,122,36,2581,670.33,669.33,0,0,42
1233619,123,36,2581,669.33,670.33,0,0,42
1122663,124,36,2581,640.23,640.23,0,0,80
1041036,125,36,2581,640.23,640.23,0,0,95
1015169,126,36,2581,560.69,639.23,1,0,134
1493463,127,36,2581,559.69,641.23,1,0,242
1044047,128,36,2581,639.23,641.23,0,0,41
1156455,129,36,2581,641.23,639.23,0,0,53
1055624,130,36,2581,484.03,641.23,1,1,392
1324487,131,36,2581,484.03,640.23,1,1,256
1243118,132,36,2581,641.23,640.23,0,0,109
1429651,133,36,2581,639.23,641.23,0,0,68
1219688,134,36,2581,548.08,641.23,0,0,107
1075110,135,36,2581,548.08,641.23,1,1,177
1437253,136,36,2581,547.08,641.23,1,1,258
1044344,137,36,2581,549.08,640.23,0,0,148
1246477,138,36,2581,549.08,641.23,0,0,215
1446455,139,36,2581,549.08,639.23,0,0,68
1433505,140,36,2581,549.08,641.23,0,0,230
1149034,141,36,2581,469.54,639.23,1,0,541
1153476,142,36,2581,471.48,640.23,1,1,404
1172500,143,36,2581,549.08,547.08,0,0,121
1067463,144,36,2581,549.08,547.08,0,0,271
1316546,145,36,2581,564.6,563.6,0,0,123
1387544,1,36,1962,584.91,612.13,1,1,553
1396558,2,36,1962,582.03,610.13,1,1,487
1380620,3,36,1962,611.13,610.13,0,0,244
1379361,4,36,1962,612.13,612.13,0,0,472
1057563,5,36,1962,612.13,611.13,0,0,257
1117963,6,36,1962,612.13,612.13,0,0,175
1085253,7,36,1962,614.98,614.98,0,0,298
1381331,8,36,1962,611.13,612.13,0,0,55
1105360,9,36,1962,584.97,582.97,0,0,242
1127630,10,36,1962,586.91,586.91,0,0,527
1184215,11,36,1962,582.03,584.91,0,1,420
1487801,12,36,1962,534.53,584.91,1,1,526
1130376,13,36,1962,532.53,585.91,1,1,730
1446677,14,36,1962,616.95,617.95,0,0,285
1220476,15,36,1962,610.13,612.13,0,0,217
1358656,16,36,1962,612.13,611.13,0,0,323
1167455,17,36,1962,611.13,612.13,0,0,176
1093228,18,36,1962,610.13,612.13,0,0,150
1119524,19,36,1962,612.13,611.13,0,1,446
1076327,20,36,1962,515.13,610.13,1,0,568
1036313,21,36,1962,514.13,611.13,1,1,391
1475665,22,36,1962,612.13,612.13,0,0,392
1439328,23,36,1962,610.13,610.13,0,0,404
1058740,24,36,1962,611.13,611.13,0,0,310
1132440,25,36,1962,611.13,610.13,0,0,258
1410060,26,36,1962,491.79,611.13,1,0,446
1433323,27,36,1962,495.73,611.13,1,1,674
1028451,28,36,1962,726.53,727.53,0,0,256
1026724,29,36,1962,727.53,727.53,0,0,177
1034038,30,36,1962,727.53,728.53,0,0,312
1329456,31,36,1962,727.53,728.53,0,0,148
1440504,32,36,1962,726.53,726.53,0,0,216
1302894,33,36,1962,727.53,728.53,0,0,325
1196264,34,36,1962,726.53,727.53,0,0,121
1377182,35,36,1962,680.03,680.03,0,0,94
1446663,36,36,1962,678.03,678.03,0,0,283
1248835,37,36,1962,438.5,680.03,1,1,1214
1182205,38,36,1962,436.5,678.03,1,1,1349
1194623,39,36,1962,433.59,678.03,0,0,810
1478981,40,36,1962,454.96,679.03,0,0,647
1264632,41,36,1962,680.03,680.03,0,0,163
1395792,42,36,1962,678.03,679.03,0,0,122
1385118,43,36,1962,679.03,679.03,0,0,269
1269678,44,36,1962,680.03,679.03,0,0,283
1045525,45,36,1962,486.03,679.03,1,0,688
1474179,46,36,1962,486.03,679.03,0,1,636
1237469,47,36,1962,462.72,680.03,0,1,593
1327356,48,36,1962,680.03,678.03,0,0,338
1373518,49,36,1962,678.03,679.03,0,0,256
1215459,50,36,1962,678.03,680.03,0,0,176
1079349,51,36,1962,679.03,680.03,0,0,269
1374413,52,36,1962,678.03,679.03,0,0,338
1027424,53,36,1962,678.03,679.03,0,0,298
1251628,54,36,1962,679.03,678.03,0,0,161
1456633,55,36,1962,484.03,680.03,1,0,1053
1283676,56,36,1962,678.03,679.03,0,0,404
1182955,57,36,1962,678.03,679.03,0,0,648
1037217,58,36,1962,679.03,680.03,0,0,271
1222903,59,36,1962,678.03,680.03,0,0,339
1031445,60,36,1962,678.03,679.03,0,0,188
1097115,61,36,1962,435.59,679.03,1,1,878
1071140,62,36,1962,435.59,680.03,1,1,324
1486888,63,36,1962,437.47,680.03,1,1,960
1001471,64,36,1962,434.59,678.03,1,1,985
1377777,65,36,1962,679.03,678.03,0,1,67
1343025,66,36,1962,679.03,680.03,0,0,121
1104023,67,36,1962,678.03,678.03,0,0,202
1107135,68,36,1962,678.03,679.03,0,0,283
1157280,69,36,1962,679.03,679.03,0,0,216
1066005,70,36,1962,678.03,678.03,0,0,149
1287884,71,36,1962,680.03,678.03,0,0,161
1295184,72,36,1962,679.03,680.03,0,0,121
1158686,73,36,1962,678.03,679.03,0,0,177
1049949,74,36,1962,679.03,679.03,0,0,135
1307718,75,36,1962,490.85,678.03,1,0,944
1174826,76,36,1962,486.03,680.03,1,1,622
1116912,77,36,1962,662.54,663.54,0,0,162
1457551,78,36,1962,679.03,679.03,0,0,148
1373290,79,36,1962,485.03,680.03,1,1,553
1243312,80,36,1962,666.45,664.45,0,0,216
1152999,81,36,1962,680.03,678.03,0,0,202
1327149,82,36,1962,679.03,679.03,0,0,176
1455497,83,36,1962,680.03,680.03,0,0,269
1005519,84,36,1962,484.03,679.03,1,0,987
1188889,85,36,1962,484.03,679.03,1,1,701
1194578,86,36,1962,488.91,680.03,0,1,674
1477790,87,36,1962,488.88,678.03,0,1,539
1295810,88,36,1962,489.88,679.03,0,0,555
1087501,89,36,1962,468.57,680.03,1,0,784
1127156,90,36,1962,484.09,680.03,0,0,391
1032289,91,36,1962,492.82,679.03,0,0,391
1322520,92,36,1962,437.53,678.03,1,1,1107
1274751,93,36,1962,444.26,680.03,1,1,730
1441453,94,36,1962,662.57,661.57,0,0,188
1182576,95,36,1962,679.03,679.03,0,0,190
1223848,96,36,1962,678.03,678.03,0,0,121
1167334,97,36,1962,679.03,678.03,0,0,337
1393224,98,36,1962,535.5,679.03,1,0,499
1444757,99,36,1962,535.5,679.03,1,0,176
1427926,100,36,1962,678.03,680.03,0,0,244
1321901,101,36,1962,680.03,679.03,0,0,256
1195676,102,36,1962,679.03,679.03,0,0,350
1453127,103,36,1962,680.03,678.03,0,0,270
1263248,104,36,1962,678.03,678.03,0,0,175
1081073,105,36,1962,680.03,678.03,0,0,256
1441905,106,36,1962,678.03,678.03,0,0,270
1144697,107,36,1962,680.03,679.03,0,0,95
1142960,108,36,1962,485.03,678.03,0,1,877
1431511,109,36,1962,488.88,678.03,1,1,986
1027391,110,36,1962,680.03,680.03,0,0,243
1430973,111,36,1962,699.43,699.43,0,0,216
1060835,112,36,1962,697.43,699.43,0,1,432
1149761,113,36,1962,462.69,699.43,1,1,1080
1404940,114,36,1962,463.69,699.43,1,1,783
1020131,115,36,1962,467.57,697.43,1,1,771
1231458,116,36,1962,463.69,698.43,1,1,648
1466338,117,36,1962,697.43,699.43,0,0,150
1074591,118,36,1962,697.43,699.43,0,0,53
1110415,119,36,1962,698.43,698.43,0,0,216
1463473,120,36,1962,697.43,698.43,0,0,150
1222935,121,36,1962,487,699.43,1,0,674
1116390,122,36,1962,670.33,669.33,0,0,203
1243983,123,36,1962,669.33,668.33,0,0,257
1355792,124,36,1962,640.23,639.23,0,0,163
1303196,125,36,1962,640.23,639.23,0,0,175
1080280,126,36,1962,565.54,641.23,1,1,487
1078688,127,36,1962,561.69,639.23,1,1,607
1486236,128,36,1962,641.23,640.23,0,0,229
1095492,129,36,1962,641.23,640.23,0,0,256
1106790,130,36,1962,487.94,641.23,1,1,648
1136015,131,36,1962,485.03,640.23,1,1,527
1464770,132,36,1962,640.23,640.23,0,0,215
1393852,133,36,1962,640.23,639.23,0,0,216
1392575,134,36,1962,548.08,639.23,0,0,296
1153927,135,36,1962,547.08,641.23,1,1,445
1061074,136,36,1962,547.08,639.23,1,1,566
1049832,137,36,1962,549.08,640.23,0,0,339
1270592,138,36,1962,547.08,640.23,0,0,215
1267687,139,36,1962,547.08,640.23,0,0,270
1260500,140,36,1962,548.08,639.23,0,0,350
1420812,141,36,1962,461.72,641.23,1,1,1066
1372707,142,36,1962,462.69,640.23,1,1,1026
1498814,143,36,1962,548.08,548.08,0,0,312
1435996,144,36,1962,549.08,547.08,0,0,406
1188684,145,36,1962,563.6,562.6,0,0,204
1427144,1,36,1445,628.62,628.62,0,0,54
1481376,2,36,1445,628.62,626.62,0,0,69
1444099,3,36,1445,627.62,627.62,0,0,109
1231627,4,36,1445,628.62,628.62,0,0,148
1470367,5,36,1445,485.03,627.62,1,1,512
1104965,6,36,1445,485.03,627.62,0,1,446
1089401,7,36,1445,670.33,670.33,0,0,81
1223861,8,36,1445,668.33,670.33,0,0,13
1063431,9,36,1445,436.56,668.33,1,1,501
1292836,10,36,1445,436.53,669.33,1,1,620
1230826,11,36,1445,435.53,670.33,0,1,338
1030987,12,36,1445,618.86,618.86,0,0,55
1243974,13,36,1445,620.86,619.86,0,0,68
1306284,14,36,1445,618.86,618.86,0,0,28
1009070,15,36,1445,620.86,618.86,0,0,80
1115282,16,36,1445,620.86,619.86,0,0,54
1191152,17,36,1445,619.86,620.86,0,0,67
1301812,18,36,1445,618.86,620.86,0,0,55
1151542,19,36,1445,618.86,620.86,0,0,80
1221362,20,36,1445,618.86,619.86,0,0,27
1126911,21,36,1445,618.86,618.86,0,0,68
1068515,22,36,1445,619.86,619.86,0,0,67
1011224,23,36,1445,620.86,620.86,0,0,109
1154625,24,36,1445,618.86,620.86,0,0,68
1416718,25,36,1445,533.53,619.86,0,0,81
1249297,26,36,1445,546.11,619.86,0,0,95
1428651,27,36,1445,532.53,618.86,0,0,136
1302393,28,36,1445,532.53,620.86,0,0,123
1412749,29,36,1445,620.86,618.86,0,0,80
1431421,30,36,1445,618.86,620.86,0,0,68
1440703,31,36,1445,620.86,619.86,0,0,28
1392926,32,36,1445,620.86,618.86,0,0,81
1405437,33,36,1445,486.03,619.86,1,0,188
1114691,34,36,1445,486.03,618.86,0,1,310
1419536,35,36,1445,668.33,669.33,0,0,54
1314400,36,36,1445,668.33,669.33,0,0,27
1355402,37,36,1445,670.33,668.33,0,0,96
1313382,38,36,1445,668.33,669.33,0,0,13
1288081,39,36,1445,618.86,618.86,0,0,67
1279327,40,36,1445,485.03,620.86,1,0,365
1157279,41,36,1445,484.03,620.86,1,1,485
1187236,42,36,1445,620.86,620.86,0,0,67
1028804,43,36,1445,620.86,620.86,0,0,95
1185573,44,36,1445,618.86,618.86,0,0,135
1061818,45,36,1445,618.86,619.86,0,0,135
1274339,46,36,1445,619.86,620.86,0,0,96
1349948,47,36,1445,620.86,618.86,0,0,122
1207925,48,36,1445,626.68,626.68,0,0,121
1346197,49,36,1445,620.86,618.86,0,0,149
1472062,50,36,1445,620.86,619.86,0,0,122
1412424,51,36,1445,619.86,620.86,0,0,68
1128702,52,36,1445,387.03,619.86,1,0,743
1351734,53,36,1445,388.03,620.86,1,1,905
1187761,54,36,1445,618.86,619.86,0,0,122
1216763,55,36,1445,618.86,618.86,0,0,14
1346456,56,36,1445,618.86,618.86,0,0,107
1487629,57,36,1445,610.19,609.19,0,0,28
1226104,58,36,1445,610.19,610.19,0,0,107
1446007,59,36,1445,616.95,616.95,0,0,108
1485423,60,36,1445,486.03,616.95,1,0,258
1049067,61,36,1445,609.19,610.19,0,0,27
1386181,62,36,1445,610.19,608.19,0,0,26
1243814,63,36,1445,608.19,610.19,0,0,27
1064630,64,36,1445,609.19,610.19,0,0,123
1261654,65,36,1445,484.03,609.19,1,0,81
1079794,66,36,1445,608.19,610.19,0,0,27
1156554,67,36,1445,610.19,609.19,0,0,150
1069305,68,36,1445,608.19,608.19,0,0,135
1034211,69,36,1445,484.03,608.19,1,0,393
1290807,70,36,1445,484.03,608.19,0,1,256
1043036,71,36,1445,615.98,610.19,0,1,149
1316719,72,36,1445,612.13,610.13,0,0,136
1344587,73,36,1445,610.13,612.13,0,0,121
1420827,74,36,1445,611.13,611.13,0,0,108
1355545,75,36,1445,610.13,611.13,0,0,40
1405825,76,36,1445,612.13,611.13,0,0,54
1059864,77,36,1445,563.63,561.63,0,0,109
1420678,78,36,1445,561.63,561.63,0,0,107
1093969,79,36,1445,562.63,561.63,0,0,95
1381688,80,36,1445,563.63,561.63,0,0,134
1302132,81,36,1445,670.33,669.33,0,0,68
1204511,82,36,1445,670.33,670.33,0,0,80
1180858,83,36,1445,668.33,668.33,0,0,53
1135882,84,36,1445,670.33,668.33,0,0,41
1178052,85,36,1445,669.33,668.33,0,0,42
1463799,86,36,1445,668.33,668.33,0,0,80
1319460,87,36,1445,670.33,670.33,0,0,41
1191263,88,36,1445,670.33,669.33,0,0,68
1069204,89,36,1445,669.33,668.33,0,0,54
1422913,90,36,1445,436.53,669.33,1,1,420
1492894,91,36,1445,435.53,670.33,1,1,324
1439962,92,36,1445,670.33,670.33,0,0,40
1124330,93,36,1445,668.33,670.33,0,0,94
1445201,94,36,1445,434.56,668.33,1,1,406
1251644,95,36,1445,434.56,670.33,1,1,391
1388777,96,36,1445,668.33,669.33,0,0,26
1083811,97,36,1445,670.33,668.33,0,0,82
1364300,98,36,1445,668.33,670.33,0,0,136
1424158,99,36,1445,669.33,670.33,0,0,40
1135192,100,36,1445,442.38,668.33,0,0,608
1478955,101,36,1445,437.53,669.33,1,0,418
1066346,102,36,1445,668.33,668.33,0,0,80
1084109,103,36,1445,670.33,669.33,0,0,41
1296500,104,36,1445,668.33,668.33,0,0,95
1186424,105,36,1445,668.33,670.33,0,0,82
1297940,106,36,1445,456.93,670.33,0,1,418
1163543,107,36,1445,455.93,669.33,1,1,242
1193263,108,36,1445,670.33,668.33,0,0,26
1354863,109,36,1445,669.33,670.33,0,0,54
1445089,110,36,1445,669.33,668.33,0,0,54
1226246,111,36,1445,669.33,668.33,0,0,148
1261998,112,36,1445,668.33,668.33,0,0,94
1089614,113,36,1445,668.33,669.33,0,0,109
1065261,114,36,1445,687.73,689.73,0,0,15
1278173,115,36,1445,687.73,689.73,0,0,40
1110690,116,36,1445,688.73,689.73,0,0,121
1244500,117,36,1445,688.73,689.73,0,0,67
1211063,118,36,1445,688.73,687.73,0,0,54
1230006,119,36,1445,688.73,687.73,0,0,94
1182972,120,36,1445,689.73,689.73,0,0,123
1101553,121,36,1445,688.73,688.73,0,0,69
1264224,122,36,1445,471.48,689.73,1,1,526
1387686,123,36,1445,458.84,687.73,1,1,636
1221564,124,36,1445,688.73,688.73,0,0,96
1089080,125,36,1445,689.73,689.73,0,0,82
1372315,126,36,1445,688.73,689.73,0,0,42
1305215,127,36,1445,689.73,688.73,0,0,26
1411250,128,36,1445,688.73,689.73,0,0,94
1123720,129,36,1445,717.83,716.83,0,0,81
1459682,130,36,1445,726.53,727.53,0,0,68
1175327,131,36,1445,727.53,727.53,0,0,41
1493518,132,36,1445,727.53,728.53,0,0,107
1177944,133,36,1445,485.03,726.53,1,0,298
1059500,134,36,1445,486.03,727.53,1,0,243
1227052,135,36,1445,726.53,728.53,0,0,95
1384538,136,36,1445,728.53,726.53,0,0,14
1369029,137,36,1445,726.53,728.53,0,0,94
1192067,138,36,1445,726.53,727.53,0,0,107
1328370,139,36,1445,727.53,728.53,0,0,42
1159423,140,36,1445,727.53,728.53,0,0,53
1293665,141,36,1445,726.53,728.53,0,0,67
1337171,142,36,1445,728.53,726.53,0,0,81
1479023,143,36,1445,486.03,726.53,0,1,352
1297747,144,36,1445,484.03,726.53,1,1,242
1439637,145,36,1445,727.53,727.53,0,0,55
