files/36.csv
id,week,center_id,meal_id,checkout_price,base_price,emailer_for_promotion,homepage_featured,num_orders
1356574,1,36,2492,389.03,387.03,0,0,41
1305724,2,36,2492,388.03,389.03,0,0,15
1079283,3,36,2492,387.03,387.03,0,0,42
1371192,4,36,2492,388.03,388.03,0,0,14
1120990,5,36,2492,387.03,389.03,0,0,41
1219965,6,36,2492,388.03,388.03,0,0,42
1477310,7,36,2492,387.03,389.03,0,0,54
1061054,8,36,2492,388.03,388.03,0,0,28
1396012,9,36,2492,389.03,388.03,0,0,55
1008684,10,36,2492,387.03,388.03,0,0,94
1233404,11,36,2492,387.03,388.03,0,0,41
1499739,12,36,2492,388.03,389.03,0,0,54
1440613,13,36,2492,387.03,387.03,0,0,67
1359817,14,36,2492,389.03,388.03,0,0,53
1489582,15,36,2492,387.03,388.03,0,0,15
1287792,16,36,2492,389.03,389.03,0,0,40
1152401,17,36,2492,388.03,388.03,0,0,68
1135246,18,36,2492,388.03,387.03,0,0,26
1060393,19,36,2492,388.03,388.03,0,0,41
1420664,20,36,2492,387.03,388.03,0,0,28
1499998,21,36,2492,388.03,388.03,0,0,27
1453013,22,36,2492,389.03,388.03,0,0,27
1457101,23,36,2492,387.03,387.03,0,0,26
1450887,24,36,2492,388.03,389.03,0,0,13
1322241,25,36,2492,389.03,387.03,0,0,42
1300708,26,36,2492,389.03,387.03,0,0,94
1465690,27,36,2492,389.03,387.03,0,0,41
1438024,28,36,2492,291,389.03,1,0,69
1434695,29,36,2492,315.25,389.03,1,0,109
1091797,30,36,2492,292,387.03,0,0,40
1205771,31,36,2492,291,387.03,0,0,109
1297963,33,36,2492,387.03,389.03,0,0,13
1018248,34,36,2492,389.03,388.03,0,0,27
1316624,35,36,2492,387.03,387.03,0,0,13
1491221,36,36,2492,389.03,388.03,0,0,15
1178943,37,36,2492,388.03,387.03,0,0,13
1176503,38,36,2492,389.03,388.03,0,0,41
1473754,39,36,2492,388.03,387.03,0,0,28
1357296,42,36,2492,388.03,389.03,0,0,27
1157926,44,36,2492,389.03,388.03,0,0,27
1407769,45,36,2492,290.03,387.03,0,1,54
1233097,46,36,2492,290.03,389.03,0,1,28
1163657,47,36,2492,291.03,389.03,0,1,41
1216970,48,36,2492,292.03,388.03,0,0,40
1224239,50,36,2492,388.03,387.03,0,0,40
1176161,51,36,2492,389.03,389.03,0,0,28
1027318,52,36,2492,389.03,388.03,0,0,96
1096832,53,36,2492,389.03,388.03,0,0,53
1070566,54,36,2492,389.03,387.03,0,0,14
1404430,56,36,2492,388.03,388.03,0,0,13
1323028,57,36,2492,387.03,388.03,0,0,15
1408880,58,36,2492,388.03,388.03,0,0,13
1249591,59,36,2492,389.03,387.03,0,0,15
1057291,60,36,2492,389.03,389.03,0,0,40
1320016,61,36,2492,389.03,388.03,0,0,41
1162869,63,36,2492,292,387.03,1,0,80
1208311,64,36,2492,293,387.03,1,0,95
1202502,65,36,2492,389.03,387.03,0,0,41
1353287,66,36,2492,387.03,388.03,0,0,55
1348528,67,36,2492,389.03,389.03,0,0,54
1449931,68,36,2492,387.03,388.03,0,0,68
1275713,70,36,2492,389.03,389.03,0,0,80
1235963,71,36,2492,387.03,387.03,0,0,67
1312328,72,36,2492,389.03,387.03,0,0,26
1253098,73,36,2492,388.03,387.03,0,0,13
1440602,74,36,2492,389.03,389.03,0,0,28
1334474,75,36,2492,389.03,387.03,0,0,27
1305089,76,36,2492,389.03,388.03,0,0,69
1089892,77,36,2492,388.03,387.03,0,0,14
1044535,78,36,2492,387.03,387.03,0,0,28
1279498,81,36,2492,292,388.03,1,0,14
1200216,82,36,2492,292,388.03,0,0,40
1237483,83,36,2492,291,387.03,0,0,42
1082097,84,36,2492,388.03,388.03,0,0,14
1127641,85,36,2492,388.03,389.03,0,0,41
1432051,86,36,2492,388.03,388.03,0,0,42
1395838,87,36,2492,388.03,387.03,0,0,40
1251462,88,36,2492,387.03,389.03,0,0,13
1350639,90,36,2492,388.03,388.03,0,0,54
1014633,91,36,2492,388.03,388.03,0,0,54
1218366,92,36,2492,387.03,388.03,0,0,14
1058074,93,36,2492,387.03,388.03,0,0,28
1084913,94,36,2492,387.03,388.03,0,0,42
1322616,95,36,2492,388.03,388.03,0,0,67
1227790,96,36,2492,291,389.03,0,1,80
1056321,97,36,2492,292,388.03,0,0,42
1168501,98,36,2492,292,388.03,0,0,28
1361871,99,36,2492,292,388.03,0,0,96
1159575,100,36,2492,389.03,388.03,0,0,15
1261787,101,36,2492,389.03,388.03,0,0,26
1206208,102,36,2492,388.03,389.03,0,0,27
1422610,105,36,2492,387.03,389.03,0,0,95
1246183,106,36,2492,389.03,389.03,0,0,13
1295089,107,36,2492,389.03,387.03,0,0,80
1150296,108,36,2492,341.5,388.03,0,0,53
1283172,109,36,2492,339.5,387.03,0,0,27
1097082,111,36,2492,387.03,387.03,0,0,40
1054390,112,36,2492,387.03,387.03,0,0,13
1009130,113,36,2492,388.03,387.03,0,0,41
1036002,114,36,2492,389.03,389.03,0,0,40
1320440,115,36,2492,387.03,389.03,0,0,28
1384116,116,36,2492,387.03,388.03,0,0,15
1033284,117,36,2492,387.03,389.03,0,0,54
1322583,118,36,2492,388.03,389.03,0,0,27
1062847,120,36,2492,341.5,388.03,1,0,68
1363474,121,36,2492,340.5,388.03,0,0,67
1160788,122,36,2492,330.8,389.03,0,0,68
1181917,123,36,2492,329.86,389.03,0,0,27
1132124,124,36,2492,388.03,387.03,0,0,41
1106993,127,36,2492,389.03,389.03,0,0,55
1337425,128,36,2492,387.03,387.03,0,0,55
1267376,129,36,2492,388.03,387.03,0,0,28
1476232,130,36,2492,387.03,389.03,0,0,94
1037221,131,36,2492,388.03,389.03,0,0,41
1377344,132,36,2492,277.48,389.03,0,1,135
1063640,133,36,2492,258.08,387.03,0,1,175
1331995,134,36,2492,292.03,387.03,0,0,26
1394133,135,36,2492,292.03,388.03,0,0,176
1247122,136,36,2492,389.03,388.03,0,0,54
1285729,137,36,2492,387.03,387.03,0,0,55
1276438,139,36,2492,388.03,387.03,0,0,28
1199247,140,36,2492,389.03,389.03,0,0,53
1362201,141,36,2492,341.47,389.03,0,0,41
1166611,142,36,2492,341.47,389.03,0,0,54
1387286,143,36,2492,387.03,389.03,0,0,55
1360940,144,36,2492,387.03,388.03,0,0,67
1273948,145,36,2492,389.03,388.03,0,0,55
1335186,1,36,1543,486.03,485.03,0,0,135
1261580,2,36,1543,486.03,485.03,0,0,41
1282105,3,36,1543,486.03,486.03,0,0,94
1168466,4,36,1543,484.03,485.03,0,0,26
1121147,5,36,1543,485.03,484.03,0,0,26
1247239,6,36,1543,436.5,438.5,0,0,27
1025986,7,36,1543,438.5,438.5,0,0,55
1487574,8,36,1543,438.5,437.5,0,0,26
1334991,9,36,1543,436.5,438.5,0,0,41
1229893,10,36,1543,484.03,485.03,0,0,28
1129363,11,36,1543,486.03,484.03,0,0,14
1458197,12,36,1543,484.03,484.03,0,0,13
1148615,13,36,1543,486.03,485.03,0,0,80
1267091,14,36,1543,485.03,485.03,0,0,27
1063403,15,36,1543,486.03,484.03,0,0,68
1046225,16,36,1543,484.03,484.03,0,0,40
1239691,17,36,1543,389.03,486.03,0,0,28
1370879,18,36,1543,388.03,486.03,0,0,14
1090821,19,36,1543,387.03,486.03,0,0,41
1281034,20,36,1543,388.03,486.03,0,0,41
1393335,23,36,1543,485.03,486.03,0,0,13
1025534,25,36,1543,485.03,485.03,0,0,27
1020373,27,36,1543,484.03,486.03,0,0,15
1119406,28,36,1543,485.03,484.03,0,0,26
1193156,29,36,1543,486.03,486.03,0,0,40
1329519,30,36,1543,485.03,484.03,0,0,14
1224092,31,36,1543,485.03,485.03,0,0,28
1181410,32,36,1543,397.73,484.03,1,0,134
1137637,33,36,1543,387.03,484.03,0,0,81
1338432,34,36,1543,388.03,486.03,0,0,13
1194402,35,36,1543,387.03,484.03,0,0,54
1492705,36,36,1543,388.03,484.03,0,0,14
1289856,37,36,1543,486.03,486.03,0,0,13
1250704,38,36,1543,484.03,485.03,0,0,15
1125733,41,36,1543,485.03,486.03,0,0,109
1141683,42,36,1543,486.03,485.03,0,0,54
1240548,43,36,1543,390,484.03,1,0,149
1109268,44,36,1543,388,486.03,1,1,377
1222686,45,36,1543,390,486.03,0,1,190
1233686,46,36,1543,389,484.03,0,1,134
1261174,47,36,1543,485.03,484.03,0,1,69
1079451,48,36,1543,484.03,484.03,0,0,42
1146440,49,36,1543,486.03,486.03,0,0,80
1312627,50,36,1543,486.03,485.03,0,0,53
1153764,51,36,1543,484.03,485.03,0,0,95
1229685,52,36,1543,486.03,484.03,0,0,68
1031597,53,36,1543,484.03,484.03,0,0,68
1486537,54,36,1543,486.03,485.03,0,0,81
1064462,55,36,1543,389.03,484.03,1,0,108
1197688,56,36,1543,388.03,485.03,0,1,123
1062739,57,36,1543,387.03,486.03,0,0,67
1439653,58,36,1543,387.03,484.03,0,0,54
1289013,59,36,1543,485.03,485.03,0,0,41
1270540,60,36,1543,486.03,485.03,0,0,15
1302678,61,36,1543,484.03,486.03,0,0,26
1093736,62,36,1543,486.03,486.03,0,0,27
1391498,63,36,1543,484.03,484.03,0,0,82
1267741,64,36,1543,484.03,486.03,0,0,41
1315818,65,36,1543,484.03,485.03,0,0,82
1205374,67,36,1543,484.03,484.03,0,0,26
1031421,70,36,1543,485.03,484.03,0,0,15
1119226,71,36,1543,484.03,485.03,0,0,96
1157034,72,36,1543,376.39,485.03,1,0,40
1039992,73,36,1543,389.03,486.03,0,0,95
1453756,74,36,1543,389.03,484.03,0,0,134
1188554,75,36,1543,387.03,484.03,0,0,40
1080371,76,36,1543,486.03,485.03,0,0,80
1416511,77,36,1543,485.03,484.03,0,0,28
1204162,78,36,1543,484.03,484.03,0,0,42
1090409,79,36,1543,485.03,485.03,0,0,27
1376667,80,36,1543,484.03,486.03,0,0,14
1162938,81,36,1543,484.03,484.03,0,0,13
1071724,82,36,1543,484.03,486.03,0,0,42
1207817,83,36,1543,387.03,486.03,0,0,122
1192432,84,36,1543,387.03,485.03,0,0,81
1470217,85,36,1543,388.03,486.03,0,0,42
1331596,86,36,1543,388.03,485.03,0,0,42
1065951,87,36,1543,485.03,484.03,0,0,69
1205858,88,36,1543,485.03,484.03,0,0,67
1327337,89,36,1543,484.03,484.03,0,0,68
1416059,90,36,1543,486.03,484.03,0,0,107
1436805,91,36,1543,486.03,484.03,0,0,109
1297760,92,36,1543,485.03,484.03,0,0,26
1060199,93,36,1543,484.03,486.03,0,0,42
1122852,94,36,1543,484.03,485.03,0,0,26
1362223,95,36,1543,485.03,485.03,0,0,69
1207770,96,36,1543,485.03,485.03,0,0,94
1433156,97,36,1543,484.03,486.03,0,0,27
1067087,98,36,1543,486.03,486.03,0,0,13
1483931,99,36,1543,486.03,486.03,0,0,68
1018631,100,36,1543,486.03,485.03,0,0,42
1146870,101,36,1543,485.03,485.03,0,0,68
1077480,102,36,1543,485.03,484.03,0,0,14
1393445,104,36,1543,485.03,484.03,0,0,82
1463025,105,36,1543,484.03,485.03,0,0,95
1134567,106,36,1543,484.03,484.03,0,0,81
1396470,107,36,1543,486.03,485.03,0,0,95
1219812,108,36,1543,486.03,485.03,0,0,53
1416921,109,36,1543,485.03,485.03,0,0,82
1111313,110,36,1543,472.39,472.39,0,0,69
1249773,111,36,1543,474.39,472.39,0,0,109
1440789,112,36,1543,474.39,472.39,0,0,41
1374909,113,36,1543,473.39,473.39,0,0,80
1242465,114,36,1543,474.39,473.39,0,0,69
1288548,115,36,1543,472.39,473.39,0,0,14
1004068,116,36,1543,473.39,474.39,0,0,134
1195873,117,36,1543,389.03,474.39,0,0,109
1125043,118,36,1543,389.03,474.39,0,0,150
1373412,119,36,1543,389.03,472.39,0,0,148
1409358,120,36,1543,388.03,474.39,0,0,107
1338870,121,36,1543,470.51,470.51,0,0,81
1161798,122,36,1543,470.51,469.51,0,0,55
1277017,123,36,1543,469.51,470.51,0,0,42
1281016,124,36,1543,469.51,468.51,0,0,15
1197230,125,36,1543,387.03,469.51,0,0,80
1113992,126,36,1543,389.03,469.51,0,0,121
1205074,127,36,1543,389.03,469.51,0,0,136
1190775,128,36,1543,388.03,470.51,0,0,121
1026065,129,36,1543,470.51,469.51,0,0,107
1175513,130,36,1543,468.51,469.51,0,0,55
1363533,131,36,1543,470.51,469.51,0,0,54
1314829,132,36,1543,469.51,469.51,0,0,26
1312068,133,36,1543,483.09,483.09,0,0,81
1191296,134,36,1543,483.09,483.09,0,0,40
1389416,135,36,1543,486.03,486.03,0,0,80
1224446,136,36,1543,485.03,484.03,0,0,55
1460099,137,36,1543,371.51,484.03,1,1,297
1108910,138,36,1543,365.72,485.03,1,1,175
1068237,139,36,1543,387.03,485.03,0,0,123
1226144,140,36,1543,453.02,454.02,0,0,122
1052178,141,36,1543,484.03,486.03,0,0,67
1204441,142,36,1543,484.03,485.03,0,0,54
1078372,143,36,1543,485.03,486.03,0,0,69
1458989,144,36,1543,486.03,484.03,0,0,122
1189038,145,36,1543,484.03,484.03,0,0,28
1019635,1,36,2304,484.03,485.03,0,0,67
1207681,2,36,2304,484.03,485.03,0,0,42
1447948,3,36,2304,484.03,484.03,0,0,26
1449366,4,36,2304,485.03,485.03,0,0,40
1382204,5,36,2304,485.03,485.03,0,0,41
1412368,7,36,2304,438.5,437.5,0,0,40
1263214,8,36,2304,438.5,436.5,0,0,68
1485212,9,36,2304,438.5,437.5,0,0,40
1230155,10,36,2304,486.03,484.03,0,0,40
1450763,11,36,2304,485.03,486.03,0,0,107
1287272,12,36,2304,486.03,486.03,0,0,82
1106966,13,36,2304,486.03,485.03,0,0,55
1025329,14,36,2304,485.03,484.03,0,0,80
1279598,15,36,2304,484.03,484.03,0,0,13
1321920,16,36,2304,486.03,484.03,0,0,41
1158998,17,36,2304,389.03,484.03,0,0,81
1045193,18,36,2304,387.03,485.03,0,0,41
1119529,19,36,2304,387.03,485.03,0,0,14
1087192,20,36,2304,388.03,485.03,0,0,53
1035895,21,36,2304,421.04,484.03,0,0,42
1062052,22,36,2304,436.53,486.03,0,0,26
1035768,23,36,2304,485.03,486.03,0,0,28
1074064,24,36,2304,485.03,484.03,0,0,15
1048813,25,36,2304,485.03,484.03,0,0,15
1094139,26,36,2304,484.03,485.03,0,0,15
1080469,27,36,2304,486.03,485.03,0,0,27
1258563,28,36,2304,485.03,486.03,0,0,15
1408739,29,36,2304,486.03,485.03,0,0,15
1354326,30,36,2304,484.03,484.03,0,0,13
1255360,31,36,2304,486.03,484.03,0,0,94
1088857,32,36,2304,389.03,484.03,1,0,41
1420030,33,36,2304,388.03,485.03,0,0,81
1218729,34,36,2304,389.03,485.03,0,0,40
1066838,36,36,2304,461.78,459.78,0,0,53
1076856,37,36,2304,486.03,486.03,0,0,28
1031230,38,36,2304,485.03,486.03,0,0,80
1092626,39,36,2304,486.03,484.03,0,0,41
1487296,40,36,2304,484.03,485.03,0,0,41
1357531,41,36,2304,484.03,484.03,0,0,94
1442183,42,36,2304,484.03,484.03,0,0,94
1032481,43,36,2304,390,485.03,1,0,175
1048592,44,36,2304,390,486.03,1,1,270
1057548,45,36,2304,388,485.03,0,0,26
1492565,46,36,2304,389,484.03,0,0,81
1084172,47,36,2304,486.03,485.03,0,0,40
1122440,48,36,2304,485.03,486.03,0,0,54
1212006,49,36,2304,486.03,485.03,0,0,95
1064733,50,36,2304,484.03,486.03,0,0,40
1441483,51,36,2304,484.03,484.03,0,0,26
1485777,52,36,2304,484.03,485.03,0,0,40
1409069,53,36,2304,486.03,485.03,0,0,82
1368860,54,36,2304,486.03,486.03,0,0,80
1078578,55,36,2304,387.03,486.03,1,0,54
1115903,56,36,2304,387.03,486.03,0,0,81
1365662,57,36,2304,395.76,486.03,0,0,150
1410480,58,36,2304,389.03,485.03,0,0,94
1464120,59,36,2304,485.03,486.03,0,0,28
1006592,60,36,2304,485.03,485.03,0,0,68
1062731,61,36,2304,486.03,485.03,0,0,40
1088070,62,36,2304,484.03,484.03,0,0,40
1311662,63,36,2304,486.03,486.03,0,0,107
1318985,64,36,2304,485.03,484.03,0,0,80
1121871,65,36,2304,485.03,486.03,0,0,27
1310861,66,36,2304,484.03,485.03,0,0,96
1047595,67,36,2304,486.03,485.03,0,0,53
1147758,68,36,2304,486.03,485.03,0,0,40
1441660,69,36,2304,484.03,484.03,0,0,55
1135886,70,36,2304,486.03,485.03,0,0,26
1408305,71,36,2304,486.03,484.03,0,0,81
1215440,72,36,2304,375.39,486.03,1,0,121
1007288,73,36,2304,387.03,484.03,0,0,67
1104785,74,36,2304,387.03,486.03,0,0,68
1073735,75,36,2304,403.52,486.03,0,0,81
1103135,76,36,2304,486.03,485.03,0,0,67
1496767,77,36,2304,484.03,484.03,0,0,53
1247206,78,36,2304,485.03,485.03,0,0,26
1366532,79,36,2304,484.03,484.03,0,0,42
1278630,80,36,2304,485.03,484.03,0,0,67
1104640,81,36,2304,486.03,484.03,0,0,26
1036785,82,36,2304,484.03,485.03,0,0,40
1285991,83,36,2304,388.03,484.03,0,0,122
1133179,84,36,2304,388.03,484.03,0,0,80
1111145,85,36,2304,389.03,485.03,0,0,40
1282423,86,36,2304,389.03,484.03,0,0,28
1187292,87,36,2304,485.03,486.03,0,0,15
1251294,88,36,2304,484.03,485.03,0,0,13
1286928,89,36,2304,486.03,485.03,0,0,54
1283024,90,36,2304,486.03,485.03,0,0,40
1212728,91,36,2304,485.03,485.03,0,0,42
1477175,92,36,2304,485.03,486.03,0,0,69
1206170,93,36,2304,484.03,485.03,0,0,15
1023944,94,36,2304,484.03,484.03,0,0,163
1350559,95,36,2304,485.03,486.03,0,0,80
1080790,96,36,2304,485.03,484.03,0,0,69
1443441,97,36,2304,485.03,485.03,0,0,55
1441020,98,36,2304,485.03,484.03,0,0,41
1388939,99,36,2304,484.03,486.03,0,0,81
1457235,100,36,2304,486.03,486.03,0,0,134
1034982,101,36,2304,485.03,484.03,0,0,69
1283223,102,36,2304,484.03,486.03,0,0,14
1350000,104,36,2304,486.03,484.03,0,0,82
1277344,105,36,2304,484.03,485.03,0,0,96
1124753,106,36,2304,469.54,469.54,0,0,82
1060218,108,36,2304,485.03,484.03,0,0,15
1447207,109,36,2304,485.03,485.03,0,0,67
1193800,110,36,2304,474.39,474.39,0,0,67
1471588,111,36,2304,472.39,473.39,0,0,68
1312946,112,36,2304,472.39,473.39,0,0,81
1369078,113,36,2304,472.39,473.39,0,0,53
1122748,114,36,2304,474.39,474.39,0,0,54
1327715,115,36,2304,473.39,474.39,0,0,69
1019795,116,36,2304,472.39,472.39,0,0,162
1038097,117,36,2304,387.03,474.39,0,0,68
1133894,118,36,2304,387.03,474.39,0,0,81
1190360,119,36,2304,389.03,474.39,0,0,149
1435604,120,36,2304,388.03,472.39,0,0,108
1362886,121,36,2304,468.51,469.51,0,0,42
1214642,122,36,2304,469.51,469.51,0,0,55
1148720,123,36,2304,470.51,469.51,0,0,42
1027869,124,36,2304,468.51,470.51,0,0,69
1166850,125,36,2304,389.03,468.51,0,0,121
1439206,126,36,2304,389.03,469.51,0,0,122
1123108,127,36,2304,388.03,470.51,0,0,53
1237763,128,36,2304,387.03,469.51,0,0,149
1113035,129,36,2304,468.51,468.51,0,0,81
1288361,130,36,2304,470.51,470.51,0,0,53
1416581,131,36,2304,469.51,469.51,0,0,95
1064427,132,36,2304,470.51,470.51,0,0,26
1013624,133,36,2304,483.09,482.09,0,0,28
1253165,134,36,2304,483.09,482.09,0,0,42
1414954,135,36,2304,484.03,486.03,0,0,55
1301489,136,36,2304,484.03,484.03,0,0,14
1492629,137,36,2304,374.45,484.03,1,1,298
1141022,138,36,2304,381.24,485.03,1,0,188
1389802,139,36,2304,389.03,486.03,0,0,69
1165032,140,36,2304,454.02,453.02,0,0,40
1396227,141,36,2304,486.03,484.03,0,0,41
1284498,142,36,2304,486.03,486.03,0,0,14
1051676,143,36,2304,484.03,486.03,0,0,96
1034258,144,36,2304,486.03,484.03,0,0,54
1128112,145,36,2304,485.03,484.03,0,0,94
